lip 31, 2026 4:47:24 PM com.nolabke.utils.AppLogger info
INFO: NoLabke started
lip 31, 2026 4:47:59 PM com.nolabke.utils.AppLogger info
INFO: NoLabke started
lip 31, 2026 4:48:01 PM com.nolabke.utils.AppLogger warning
WARNING: Missing translation key: menu.about.content
Wersja 0.1.0

© 2026 nolabke.com
lip 31, 2026 4:48:27 PM com.nolabke.utils.AppLogger info
INFO: NoLabke started
lip 31, 2026 7:51:14 PM com.nolabke.utils.AppLogger info
INFO: NoLabke started
lip 31, 2026 7:51:30 PM com.nolabke.utils.AppLogger info
INFO: NoLabke started
lip 31, 2026 7:51:51 PM com.nolabke.utils.AppLogger warning
WARNING: Invalid amount format entered by user
lip 31, 2026 7:53:44 PM com.nolabke.utils.AppLogger info
INFO: NoLabke started
lip 31, 2026 7:56:34 PM com.nolabke.utils.AppLogger info
INFO: NoLabke started
lip 31, 2026 7:56:42 PM com.nolabke.utils.AppLogger warning
WARNING: Invalid amount format entered by user
lip 31, 2026 8:13:35 PM com.nolabke.utils.AppLogger info
INFO: NoLabke started
lip 31, 2026 8:13:41 PM com.nolabke.utils.AppLogger warning
WARNING: Invalid amount format entered by user
lip 31, 2026 8:32:04 PM com.nolabke.utils.AppLogger info
INFO: NoLabke started
lip 31, 2026 9:16:03 PM com.nolabke.utils.AppLogger info
INFO: NoLabke started
lip 31, 2026 9:16:08 PM com.nolabke.utils.AppLogger warning
WARNING: Cannot read latest version
lip 31, 2026 9:16:46 PM com.nolabke.utils.AppLogger info
INFO: NoLabke started
